
🎬 Starting Workshop Simulation

This will simulate multiple workshop attendees having
natural conversations with the Bible Translation Assistant.


🌟🌟🌟🌟🌟🌟🌟🌟🌟🌟🌟🌟🌟🌟🌟🌟🌟🌟🌟🌟🌟🌟🌟🌟🌟🌟🌟🌟🌟🌟


🎭 Workshop Attendee: Maria
📝 Background: First-time Bible translator, Spanish speaker

============================================================

👤 Maria: "Hello, can you help me translate scripture?"

📖 Translation Assistant: "**Absolutely!** Let's start drafting your translation.

Which verse would you like to work on today?"
   💡 Suggestions: [Ruth 1:1, John 3:16, Psalm 23, Other]

👤 Maria: "Here's my attempt: 'Back when the judges were in charge, there wasn't enough food in the land. So a man from Bethlehem in Judah went to live in Moab country with his wife and two sons.'"

📝 Canvas Scribe: "Noted!"

📖 Translation Assistant: "**Great start!** Your draft captures the essence of the verse well.

Let's refine it further. What s..."
   💡 Suggestions: [Simplify the language, Make it more engaging, Add cultural context, Focus on clarity]

👤 Maria: "Here's my attempt: 'Back when the judges were in charge, there wasn't enough food in the land. So a man from Bethlehem in Judah went to live in Moab country with his wife and two sons.'"

📝 Canvas Scribe: "Noted!"

📖 Translation Assistant: "**Thanks for sharing your draft!** Let's look at it closely.

Your version conveys the main ideas we..."
   💡 Suggestions: [Simplify the language, Add descriptive elements, Focus on clarity, Make it more engaging]

👤 Maria: "Here's my attempt: 'Back when the judges were in charge, there wasn't enough food in the land. So a man from Bethlehem in Judah went to live in Moab country with his wife and two sons.'"

📝 Canvas Scribe: "Noted!"

📖 Translation Assistant: "**Thanks for sharing your draft again!** Your attempt provides a solid foundation, especially for a ..."
   💡 Suggestions: [Add descriptive elements, Simplify language further, Focus on flow, Start a new draft]

👤 Maria: "I think Grade 8 would be appropriate"

📝 Canvas Scribe: "Got it!"

📖 Translation Assistant: "**Got it!** Let's adjust the reading level to Grade 8.

This will allow for more complex language an..."
   💡 Suggestions: [Revise the draft, Discuss specific elements, Start a new draft, Review previous drafts]

👤 Maria: "I think Grade 8 would be appropriate"

📝 Canvas Scribe: "Noted!"

📖 Translation Assistant: "**Perfect!** With a Grade 8 reading level established, let's enhance your draft.

Your current versi..."
   💡 Suggestions: [Revise further, Add more detail, Change a specific word, Move to next verse]

👤 Maria: "I think Grade 8 would be appropriate"

📝 Canvas Scribe: "Noted!"

📖 Translation Assistant: "**Understood!** With a Grade 8 reading level confirmed, let's ensure our draft reflects that.

Your ..."
   💡 Suggestions: [Add specific details, Refine the current text, Explore themes, Start a new draft]

👤 Maria: "I think Grade 8 would be appropriate"

📝 Canvas Scribe: "Noted!"

📖 Translation Assistant: "**Great!** Now that we have confirmed the Grade 8 reading level, let's work on drafting your transla..."
   💡 Suggestions: [Start with a specific verse, Enhance existing draft, Review previous drafts, Discuss themes to include]

👤 Maria: "I think Grade 8 would be appropriate"

📝 Canvas Scribe: "Recorded!"

📖 Translation Assistant: "**Perfect!** With all settings in place, let's begin drafting your translation.

Shall we start with..."
   💡 Suggestions: [Start with a specific verse, Develop from the beginning, Review previous draft, Change a setting]

👤 Maria: "Here's my attempt: 'Back when the judges were in charge, there wasn't enough food in the land. So a man from Bethlehem in Judah went to live in Moab country with his wife and two sons.'"

📝 Canvas Scribe: "Noted!"

📖 Translation Assistant: "**Great start!** Your attempt captures the essence well.

Here's a revised version that maintains th..."
   💡 Suggestions: [Adjust wording, Add details, Change a phrase, Proceed to next verse]

👤 Maria: "I think Grade 8 would be appropriate"

📝 Canvas Scribe: "Got it!"

📖 Translation Assistant: "Got it! Grade 8 is confirmed as the reading level.

Now, let's refine your draft. Your text is a goo..."
   💡 Suggestions: [Add more details, Focus on clarity, Adjust tone, Move to next verse]

👤 Maria: "I think Grade 8 would be appropriate"

📝 Canvas Scribe: "Noted!"

📖 Translation Assistant: "I see you want to maintain the Grade 8 level. Let's refine your draft further.

Here’s a polished ve..."
   💡 Suggestions: [Make it more engaging, Focus on clarity, Add more details, Move to another verse]

👤 Maria: "I think Grade 8 would be appropriate"

📝 Canvas Scribe: "Noted!"

📖 Translation Assistant: "Understood! We are set to draft at a Grade 8 reading level.

Let's build on your previous attempt. W..."
   💡 Suggestions: [Refine specific phrases, Focus on themes, Review the entire passage, Start a new draft]

👤 Maria: "I think Grade 8 would be appropriate"

📝 Canvas Scribe: "Noted!"

📖 Translation Assistant: "Thank you for confirming the Grade 8 reading level.

Let's work on creating a meaningful draft for t..."
   💡 Suggestions: [Focus on specific phrases, Revise the entire text, Add themes or details, Move to next verse]

👤 Maria: "I think Grade 8 would be appropriate"

📝 Canvas Scribe: "Got it!"

📖 Translation Assistant: "Got it! We're drafting at a Grade 8 reading level with an engaging narrative tone.

Would you like t..."
   💡 Suggestions: [Start with a specific phrase, Draft the overall passage, Review previous drafts, Change a setting]

👤 Maria: "I think Grade 8 would be appropriate"

📝 Canvas Scribe: "Noted!"

📖 Translation Assistant: "**Great!** We're set for a Grade 8 reading level with an engaging narrative tone.

Let's create a dr..."
   💡 Suggestions: [Revise specific phrases, Add more detail, Focus on themes, Continue drafting]

👤 Maria: "I think Grade 8 would be appropriate"

📝 Canvas Scribe: "Got it!"

📖 Translation Assistant: "**Got it!** We are drafting at a Grade 8 reading level with a narrative, engaging tone.

Let's refin..."
   💡 Suggestions: [Revise the first phrase, Add more details, Change the tone, Move to next verse]

👤 Maria: "I think Grade 8 would be appropriate"

📝 Canvas Scribe: "Recorded!"

📖 Translation Assistant: "**Understood!** We're drafting at a Grade 8 reading level with an engaging narrative tone.

Let's re..."
   💡 Suggestions: [Make specific changes, Add more context, Focus on a different phrase, Finalize this draft]

👤 Maria: "I think Grade 8 would be appropriate"

📝 Canvas Scribe: "Noted!"

📖 Translation Assistant: "**Great!** We are drafting your translation at a Grade 8 reading level with an engaging tone.

Let’s..."
   💡 Suggestions: [Make changes, Add more detail, Focus on a specific phrase, Continue drafting]

👤 Maria: "I think Grade 8 would be appropriate"

📝 Canvas Scribe: "Noted!"

📖 Translation Assistant: "I see we're set on a Grade 8 reading level with an engaging narrative tone.

Let’s draft Ruth 1:1. H..."
   💡 Suggestions: [Revise the draft, Add more detail, Change a phrase, Move to the next verse]

👤 Maria: "I think Grade 8 would be appropriate"

📝 Canvas Scribe: "Got it! Recording Grade 8 as the reading level for the translation. Let's continue with drafting Rut..."

📖 Translation Assistant: "**Got it!** We're drafting at a Grade 8 reading level with an engaging narrative tone.

Let’s draft ..."
   💡 Suggestions: [Add more detail, Change a phrase, Move to next verse, Review previous settings]

============================================================
📊 TEST REPORT
============================================================
Persona: Maria
Exchanges: 21
Final Phase: drafting
Style Guide Complete: false
Has Draft: false
Success: ✅

Collected Settings:
  conversationLanguage: English
  sourceLanguage: English
  targetLanguage: English
  languagePair: English → English
  readingLevel: Grade 8
  tone: Narrator, engaging tone
  philosophy: Meaning-based
  approach: Meaning-based

🌟🌟🌟🌟🌟🌟🌟🌟🌟🌟🌟🌟🌟🌟🌟🌟🌟🌟🌟🌟🌟🌟🌟🌟🌟🌟🌟🌟🌟🌟


🎭 Workshop Attendee: John
📝 Background: Has done translation before, knows what he wants

============================================================

👤 John: "Hi, let's get started with translation"

📖 Translation Assistant: "**Great!** We're ready to start drafting your translation.

Let’s focus on the text of Ruth 1:1. Wha..."
   💡 Suggestions: [First phrase, Second phrase, Third phrase, Full verse]

👤 John: "Yes, I understand. The temporal setting and geographical movement are key. Let's continue."

📖 Translation Assistant: "**Excellent!** Let's focus on the temporal setting and geographical movement in Ruth 1:1.

We can st..."
   💡 Suggestions: [Draft a meaning-based translation, Discuss the historical context, Explore its significance, Move to next phrase]

👤 John: "Yes, I understand. The temporal setting and geographical movement are key. Let's continue."

📖 Translation Assistant: "**Great insight!** Let's work through this verse **phrase by phrase**.

First phrase: *'In the days ..."
   💡 Suggestions: [Provide a draft, Discuss its significance, Move to the next phrase, Different explanation]

✅ Conversation complete!

============================================================
📊 TEST REPORT
============================================================
Persona: John
Exchanges: 3
Final Phase: drafting
Style Guide Complete: false
Has Draft: false
Success: ❌

Collected Settings:
  conversationLanguage: English
  sourceLanguage: English
  targetLanguage: English
  languagePair: English → English
  readingLevel: Grade 8
  tone: Narrator, engaging tone
  philosophy: Meaning-based
  approach: Meaning-based

🌟🌟🌟🌟🌟🌟🌟🌟🌟🌟🌟🌟🌟🌟🌟🌟🌟🌟🌟🌟🌟🌟🌟🌟🌟🌟🌟🌟🌟🌟


🎭 Workshop Attendee: Sarah
📝 Background: Not sure about the process, needs guidance

============================================================

👤 Sarah: "Hi... I'm not sure how this works"

📖 Translation Assistant: "I understand! Let's clarify the process.

We work through the translation in phases: **Plan**, **Und..."
   💡 Suggestions: [Tell me more about drafting, Move to the next verse, Review understanding, Ask a question about the text]

👤 Sarah: "I think so? Can you explain it once more?"

📖 Translation Assistant: "Absolutely! Here's a quick overview of the translation process:

1. **PLAN**: We set up your transla..."
   💡 Suggestions: [Tell me about the drafting phase, Explain the checking process, Start with the planning phase, Skip to translation]

👤 Sarah: "Um, young children? Is that what you mean?"

📝 Canvas Scribe: "Recorded!"

📖 Translation Assistant: "It seems we're focusing on **young children** as the target audience for your translation. 

Would y..."

👤 Sarah: "Um, young children? Is that what you mean?"

📝 Canvas Scribe: "Recorded!"

👤 Sarah: "I'm not sure what you're asking. Can you explain?"

📖 Translation Assistant: "I want to clarify the **target community** for your translation. 

When you mentioned "young childre..."

👤 Sarah: "Um, young children? Is that what you mean?"

📝 Canvas Scribe: "Recorded!"

👤 Sarah: "I'm not sure what you're asking. Can you explain?"

📖 Translation Assistant: "I appreciate your patience! 

To clarify, I'm asking about the **audience** for your translation. 

..."

👤 Sarah: "Um, young children? Is that what you mean?"

📝 Canvas Scribe: "Recorded!"

👤 Sarah: "I'm not sure what you're asking. Can you explain?"

📖 Translation Assistant: "I appreciate your feedback! 

We're focusing on creating a translation that is suitable for **young ..."
   💡 Suggestions: [Change reading level, Adjust tone, Continue with current settings, Start drafting translation]

👤 Sarah: "Maybe Grade 2? They're pretty young..."

📝 Canvas Scribe: "Noted!"

📖 Translation Assistant: "**Great choice!** A Grade 2 reading level will make the translation more accessible for young childr..."
   💡 Suggestions: [Formal, Conversational, Narrative storytelling, Simple and clear]

👤 Sarah: "Maybe Grade 2? They're pretty young..."

📝 Canvas Scribe: "Noted!"

📖 Translation Assistant: "**Perfect!** All settings are complete.

Now that we've set up your translation brief, let's begin *..."
   💡 Suggestions: [Begin understanding, Review settings, Change a setting]

👤 Sarah: "I think I understand - there was a famine and someone went to Moab?"

📚 Resource Librarian: "From Ruth 1:1 in the Berean Study Bible (BSB):

*In the days when the judges ruled, there was a fami..."

📖 Translation Assistant: "That's a great start! The verse indeed mentions a famine and someone going to Moab.

Let's work thro..."
   💡 Suggestions: [Tell me a story about this, Brief explanation, Historical context, Multiple choice options]

👤 Sarah: "Yes, I understand that phrase. Let's continue."

📖 Translation Assistant: "**Good understanding!** 

Next phrase: *'there was a famine in the land'*

**What does this mean to ..."

👤 Sarah: "I think so? Can you explain it once more?"

📖 Translation Assistant: "**Quick explanation:** 

A famine refers to a severe shortage of food, often causing hunger and hard..."

👤 Sarah: "I'm not sure what you're asking. Can you explain?"

📖 Translation Assistant: "I want to clarify what I meant! 

When I asked how you would express it in your own words, I wanted ..."

👤 Sarah: "Yes, I understand that phrase. Let's continue."

📖 Translation Assistant: "**Good understanding!** 

Next phrase: *'So a man from Bethlehem in Judah'*

**What does this mean t..."

👤 Sarah: "I think so? Can you explain it once more?"

📖 Translation Assistant: "**Quick explanation:** 

This phrase introduces a man from Bethlehem, a town in Judah. It sets the s..."

👤 Sarah: "I'm not sure what you're asking. Can you explain?"

📖 Translation Assistant: "I appreciate your patience!

When I asked for your own words, I meant if you could summarize what it..."

👤 Sarah: "I think so? Can you explain it once more?"

📖 Translation Assistant: "**Quick explanation:** 

In this phrase, it tells us that the man comes from **Bethlehem**, which wa..."

👤 Sarah: "I'm not sure what you're asking. Can you explain?"

📖 Translation Assistant: "I understand it can be confusing! 

When I ask how you would express this in your own words, I'm loo..."
   💡 Suggestions: [Yes, let's continue, No, I need more explanation, Start over with the last phrase]

👤 Sarah: "I think so? Can you explain it once more?"

📖 Translation Assistant: "**Quick explanation:**

This phrase tells us about a specific man who comes from **Bethlehem** in **..."

============================================================
📊 TEST REPORT
============================================================
Persona: Sarah
Exchanges: 21
Final Phase: drafting
Style Guide Complete: true
Has Draft: false
Success: ✅

Collected Settings:
  conversationLanguage: English
  sourceLanguage: English
  targetLanguage: English
  languagePair: English → English
  readingLevel: Grade 2
  tone: Narrator, engaging tone
  philosophy: Meaning-based
  approach: Meaning-based
  targetCommunity: Young children

🌟🌟🌟🌟🌟🌟🌟🌟🌟🌟🌟🌟🌟🌟🌟🌟🌟🌟🌟🌟🌟🌟🌟🌟🌟🌟🌟🌟🌟🌟


🎭 Workshop Attendee: Pastor Amy
📝 Background: Children's ministry leader simplifying for kids

============================================================

👤 Pastor Amy: "Hello! I'm preparing scripture for our children's program"

📝 Canvas Scribe: "Noted! Let's begin drafting the scripture for the children's program. Which specific verse or passag..."

📖 Translation Assistant: "**Great to see you!** Let's start drafting your translation for the children's program.

What specif..."
   💡 Suggestions: [Ruth 1:1, Another verse, Review previous drafts, Change settings]

👤 Pastor Amy: "Long ago when special leaders called judges were in charge, there was no food to eat. A man from a town called Bethlehem had to take his wife and two boys to live in another place called Moab."

📝 Canvas Scribe: "Recorded!"

📖 Translation Assistant: "**Thanks for sharing that!** Let's refine this draft to make it more engaging for children.

Here’s ..."
   💡 Suggestions: [Make it simpler, Add more details, Change the tone, Move to the next verse]

👤 Pastor Amy: "Long ago when special leaders called judges were in charge, there was no food to eat. A man from a town called Bethlehem had to take his wife and two boys to live in another place called Moab."

📝 Canvas Scribe: "Recorded!"

📖 Translation Assistant: "Thanks for your input! Let's work on refining this draft for clarity and engagement. Here’s a revise..."
   💡 Suggestions: [Adjust wording, Add more details, Keep it as is, Move to next verse]

👤 Pastor Amy: "Long ago when special leaders called judges were in charge, there was no food to eat. A man from a town called Bethlehem had to take his wife and two boys to live in another place called Moab."

📝 Canvas Scribe: "Noted!"

📖 Translation Assistant: "**Thanks for your patience!** Let's refine the draft to ensure it resonates well with young children..."
   💡 Suggestions: [Make it simpler, Add a fun element, Change the wording, Continue refining]

👤 Pastor Amy: "Long ago when special leaders called judges were in charge, there was no food to eat. A man from a town called Bethlehem had to take his wife and two boys to live in another place called Moab."

📝 Canvas Scribe: "Recorded!"

📖 Translation Assistant: "Got it! Let's move forward with your draft.

Here's what we have so far:

*Long ago, when special le..."
   💡 Suggestions: [Add more details, Change a phrase, Move to the next draft, Start over]

👤 Pastor Amy: "Long ago when special leaders called judges were in charge, there was no food to eat. A man from a town called Bethlehem had to take his wife and two boys to live in another place called Moab."

📝 Canvas Scribe: "Noted!"

📖 Translation Assistant: "Thanks for your input! This draft is shaping up well.

Would you like to move on to the next phrase ..."
   💡 Suggestions: [Add more details, Move to the next phrase, Review current draft, Make minor adjustments]

👤 Pastor Amy: "Long ago when special leaders called judges were in charge, there was no food to eat. A man from a town called Bethlehem had to take his wife and two boys to live in another place called Moab."

📝 Canvas Scribe: "Noted!"

📖 Translation Assistant: "Your draft is looking great! Here’s the current version:

*Long ago, when special leaders called jud..."
   💡 Suggestions: [Draft the next phrase, Make adjustments, Review the draft]

👤 Pastor Amy: "Long ago when special leaders called judges were in charge, there was no food to eat. A man from a town called Bethlehem had to take his wife and two boys to live in another place called Moab."

📝 Canvas Scribe: "Noted!"

📖 Translation Assistant: "Your draft remains the same:
*Long ago, when special leaders called judges were in charge, there was..."
   💡 Suggestions: [Continue drafting, Make changes, Review understanding, Move to next verse]

👤 Pastor Amy: "Long ago when special leaders called judges were in charge, there was no food to eat. A man from a town called Bethlehem had to take his wife and two boys to live in another place called Moab."

📝 Canvas Scribe: "Recorded!"

📖 Translation Assistant: "Your draft is clear and engaging for young children:

*Long ago, when special leaders called judges ..."
   💡 Suggestions: [Draft the next phrase, Edit this draft, Review previous phrases, Add more details]

👤 Pastor Amy: "Yes, I understand. Let's move on to drafting."

📝 Canvas Scribe: "Ready! Let's proceed with drafting the next phrase: *'he and his wife and his two sons'*. How would ..."

📖 Translation Assistant: "**Great!** Let's move on to drafting the next phrase.

The next phrase is: *'he and his wife and his..."
   💡 Suggestions: [Draft it simply, Add more detail, Use a story-like approach, Change something else]

👤 Pastor Amy: "Long ago when special leaders called judges were in charge, there was no food to eat. A man from a town called Bethlehem had to take his wife and two boys to live in another place called Moab."

📝 Canvas Scribe: "Noted!"

📖 Translation Assistant: "Your draft for the current phrase remains the same:

*Long ago, when special leaders called judges w..."
   💡 Suggestions: [Continue drafting, Make adjustments, Review previous phrases, Move to the next verse]

👤 Pastor Amy: "Long ago when special leaders called judges were in charge, there was no food to eat. A man from a town called Bethlehem had to take his wife and two boys to live in another place called Moab."

📝 Canvas Scribe: "Noted!"

📖 Translation Assistant: "Your draft is consistent:

*Long ago, when special leaders called judges were in charge, there was n..."
   💡 Suggestions: [Continue drafting, Make adjustments, Review previous phrases, Move to next verse]

👤 Pastor Amy: "Long ago when special leaders called judges were in charge, there was no food to eat. A man from a town called Bethlehem had to take his wife and two boys to live in another place called Moab."

📝 Canvas Scribe: "Recorded!"

📖 Translation Assistant: "Your draft remains: *Long ago, when special leaders called judges were in charge, there was no food ..."
   💡 Suggestions: [Continue drafting, Make adjustments, Review previous phrases]

👤 Pastor Amy: "Long ago when special leaders called judges were in charge, there was no food to eat. A man from a town called Bethlehem had to take his wife and two boys to live in another place called Moab."

📝 Canvas Scribe: "Noted!"

📖 Translation Assistant: "Your draft continues to be: *Long ago, when special leaders called judges were in charge, there was ..."
   💡 Suggestions: [Add more detail, Keep it simple, Use a different approach, Review previous drafts]

👤 Pastor Amy: "Long ago when special leaders called judges were in charge, there was no food to eat. A man from a town called Bethlehem had to take his wife and two boys to live in another place called Moab."

📝 Canvas Scribe: "Noted!"

📖 Translation Assistant: "Your draft remains the same: *Long ago, when special leaders called judges were in charge, there was..."

👤 Pastor Amy: "Long ago when special leaders called judges were in charge, there was no food to eat. A man from a town called Bethlehem had to take his wife and two boys to live in another place called Moab."

📝 Canvas Scribe: "Noted!"

📖 Translation Assistant: "Great! Your draft is complete:

*Long ago, when special leaders called judges were in charge, there ..."
   💡 Suggestions: [Check for revisions, Move to the next verse, Share with others]

👤 Pastor Amy: "Long ago when special leaders called judges were in charge, there was no food to eat. A man from a town called Bethlehem had to take his wife and two boys to live in another place called Moab."

📝 Canvas Scribe: "Recorded!"

📖 Translation Assistant: "Your draft is finalized as: *Long ago, when special leaders called judges were in charge, there was ..."
   💡 Suggestions: [Check for revisions, Move to the next verse, Start over, Add more details]

👤 Pastor Amy: "Long ago when special leaders called judges were in charge, there was no food to eat. A man from a town called Bethlehem had to take his wife and two boys to live in another place called Moab."

📝 Canvas Scribe: "Noted!"

📖 Translation Assistant: "It seems we're repeating the draft. Just to confirm, your draft is: *Long ago, when special leaders ..."
   💡 Suggestions: [Make changes to the draft, Move to the next verse, Review the translation process, Start over]

👤 Pastor Amy: "Long ago when special leaders called judges were in charge, there was no food to eat. A man from a town called Bethlehem had to take his wife and two boys to live in another place called Moab."

📝 Canvas Scribe: "Recorded!"

📖 Translation Assistant: "Your draft remains: *Long ago, when special leaders called judges were in charge, there was no food ..."
   💡 Suggestions: [Revise the draft, Move to next verse, Check for clarity, Start a new draft]

👤 Pastor Amy: "Long ago when special leaders called judges were in charge, there was no food to eat. A man from a town called Bethlehem had to take his wife and two boys to live in another place called Moab."

📝 Canvas Scribe: "Noted!"

📖 Translation Assistant: "Your draft is currently: *Long ago, when special leaders called judges were in charge, there was no ..."
   💡 Suggestions: [Revise the draft, Move to the next verse, Review previous verses]

👤 Pastor Amy: "Long ago when special leaders called judges were in charge, there was no food to eat. A man from a town called Bethlehem had to take his wife and two boys to live in another place called Moab."

📝 Canvas Scribe: "Noted!"

📖 Translation Assistant: "Your draft remains the same: *Long ago, when special leaders called judges were in charge, there was..."
   💡 Suggestions: [Revise the draft, Move to the next verse, Review the translation process, Provide feedback]

============================================================
📊 TEST REPORT
============================================================
Persona: Pastor Amy
Exchanges: 21
Final Phase: drafting
Style Guide Complete: true
Has Draft: false
Success: ✅

Collected Settings:
  conversationLanguage: English
  sourceLanguage: English
  targetLanguage: English
  languagePair: English → English
  readingLevel: Grade 2
  tone: Narrator, engaging tone
  philosophy: Meaning-based
  approach: Meaning-based
  targetCommunity: Young children

🌟🌟🌟🌟🌟🌟🌟🌟🌟🌟🌟🌟🌟🌟🌟🌟🌟🌟🌟🌟🌟🌟🌟🌟🌟🌟🌟🌟🌟🌟


🎭 Workshop Attendee: Ms. Chen
📝 Background: ESL teacher needing simplified text for adult learners

============================================================

👤 Ms. Chen: "Hi, I need help adapting scripture for English learners"

📝 Canvas Scribe: "Noted! Let's work on adapting the scripture for English learners. We'll focus on creating an engagin..."

📖 Translation Assistant: "**Great!** Let's begin drafting your translation.

We’ll create a version that is engaging and suita..."
   💡 Suggestions: [Ruth 1:1, John 3:16, Psalm 23, Other]

👤 Ms. Chen: "I think Grade 4 would be appropriate"

📝 Canvas Scribe: "Got it!"

📖 Translation Assistant: "**Got it!** We'll aim for a Grade 4 reading level, while keeping an engaging tone for young children..."
   💡 Suggestions: [Ruth 1:1, John 3:16, Psalm 23, Other]

👤 Ms. Chen: "I think Grade 4 would be appropriate"

📝 Canvas Scribe: "Noted!"

📖 Translation Assistant: "**Perfect!** All settings are complete.

Now that we've set up your translation brief, let's begin *..."
   💡 Suggestions: [Begin understanding, Review settings, Change a setting]

👤 Ms. Chen: "I see - a time period, a problem (famine), and a solution (migration). Let me work through this for my students."

📝 Canvas Scribe: "Noted! Recording your focus on the time period, problem of famine, and solution of migration for you..."

📖 Translation Assistant: "That sounds like a great approach! Let's draft your translation focusing on those elements: the time..."
   💡 Suggestions: [Start with a specific phrase, Draft the entire verse, Change a setting, Review understanding]

👤 Ms. Chen: "meaning-based"

📝 Canvas Scribe: "Got it!"

📖 Translation Assistant: "**Great choice!** We’ll use a meaning-based approach for drafting.

Let's start by creating a transl..."
   💡 Suggestions: [Make it simpler, Add more details, Change the wording, Continue with the next verse]

👤 Ms. Chen: "meaning-based"

📝 Canvas Scribe: "Got it!"

📚 Resource Librarian: "Here is the text from **Ruth 1:1**:

*In the days when the judges ruled, there was a famine in the l..."

👤 Ms. Chen: "I see - a time period, a problem (famine), and a solution (migration). Let me work through this for my students."

📖 Translation Assistant: "Let's work through this verse **phrase by phrase**.

First phrase: *'In the days when the judges rul..."
   💡 Suggestions: [Tell me a story about this, Brief explanation, Historical context, Multiple choice options]

👤 Ms. Chen: "Yes, I understand that phrase. Let's continue."

📖 Translation Assistant: "**Good understanding!**

Next phrase: *'there was a famine in the land'*

**What does this mean to y..."
   💡 Suggestions: [Tell me a story about this, Brief explanation, Historical context, Multiple choice options]

👤 Ms. Chen: "Yes, I understand. Let's move on to drafting."

📝 Canvas Scribe: "Ready! Let's move on to the drafting phase."

📖 Translation Assistant: "Excellent! Let's continue understanding the text before we draft.

Next phrase: *'So a man from Beth..."
   💡 Suggestions: [Tell me a story about this, Brief explanation, Historical context, Multiple choice options]

👤 Ms. Chen: "Yes, I understand. Let's move on to drafting."

📝 Canvas Scribe: "Ready! Let's begin drafting. The next phrase to work on is: *'went to live in the country of Moab'*...."

📖 Translation Assistant: "**Good job!**

Next phrase: *'went to live in the country of Moab'* 

**What does this mean to you?*..."
   💡 Suggestions: [Tell me a story about this, Brief explanation, Historical context, Multiple choice options]

👤 Ms. Chen: "Yes, I understand that phrase. Let's continue."

📖 Translation Assistant: "**Good understanding!**

Next phrase: *'he and his wife and his two sons'* 

**What does this mean t..."
   💡 Suggestions: [Tell me a story about this, Brief explanation, Historical context, Multiple choice options]

👤 Ms. Chen: "Yes, I understand. Let's move on to drafting."

📝 Canvas Scribe: "Ready!"

📖 Translation Assistant: "Excellent! We've understood all the phrases in Ruth 1:1.

Ready to draft your translation?"
   💡 Suggestions: [Start drafting, Review understanding, Move to next verse]

👤 Ms. Chen: "I see - a time period, a problem (famine), and a solution (migration). Let me work through this for my students."

📝 Canvas Scribe: "Got it!

Ready to start drafting the translation focusing on the time period, problem (famine), and ..."

📖 Translation Assistant: "Let's start drafting your translation, focusing on clarity and engagement for your students.

How wo..."

👤 Ms. Chen: "When the judges ruled Israel, there was a time with no food. A man from Bethlehem took his wife and two sons. They went to live in the country of Moab."

📝 Canvas Scribe: "Noted!"

📖 Translation Assistant: "Great start! 

Here’s your draft so far:

**Draft Translation:**
"When the judges ruled Israel, ther..."

👤 Ms. Chen: "When the judges ruled Israel, there was a time with no food. A man from Bethlehem took his wife and two sons. They went to live in the country of Moab."

📝 Canvas Scribe: "Noted!"

📖 Translation Assistant: "Your draft is shaping up nicely! 

Here's the current version:

**Draft Translation:**
"When the jud..."

👤 Ms. Chen: "When the judges ruled Israel, there was a time with no food. A man from Bethlehem took his wife and two sons. They went to live in the country of Moab."

📝 Canvas Scribe: "Noted!"

📖 Translation Assistant: "Your draft remains consistent and clear for young readers! 

**Draft Translation:**
"When the judges..."

👤 Ms. Chen: "Yes, I understand. Let's move on to drafting."

📝 Canvas Scribe: "Noted! Let's continue with the drafting phase."

📖 Translation Assistant: "Perfect! Now that we're in the drafting phase, let's create your translation for the next verse.

Wh..."

👤 Ms. Chen: "When the judges ruled Israel, there was a time with no food. A man from Bethlehem took his wife and two sons. They went to live in the country of Moab."

📝 Canvas Scribe: "Noted!"

📖 Translation Assistant: "Great! Here's your current draft:

**Draft Translation:**  
"When the judges ruled Israel, there was..."
   💡 Suggestions: [Add more details, Revise this draft, Move to the next verse, Provide a summary]

👤 Ms. Chen: "When the judges ruled Israel, there was a time with no food. A man from Bethlehem took his wife and two sons. They went to live in the country of Moab."

📝 Canvas Scribe: "Noted!"

📖 Translation Assistant: "Your draft is consistent! Here it is again:

**Draft Translation:**
"When the judges ruled Israel, t..."
   💡 Suggestions: [Revise the draft, Move to the next verse, Add more details, Change the tone]

👤 Ms. Chen: "When the judges ruled Israel, there was a time with no food. A man from Bethlehem took his wife and two sons. They went to live in the country of Moab."

📝 Canvas Scribe: "Noted!"

📖 Translation Assistant: "Your draft remains strong and clear for young readers! Here's the current draft:

**Draft Translatio..."
   💡 Suggestions: [Revise this draft, Move to the next verse, Add more details, Review previous drafts]

👤 Ms. Chen: "Yes, I understand. Let's move on to drafting."

📝 Canvas Scribe: "Ready! Let's continue with drafting Ruth 1:3."

📖 Translation Assistant: "Perfect! Let's move on to the next verse, Ruth 1:3.

Here's a draft for that verse:

**Draft Transla..."

============================================================
📊 TEST REPORT
============================================================
Persona: Ms. Chen
Exchanges: 21
Final Phase: drafting
Style Guide Complete: true
Has Draft: false
Success: ✅

Collected Settings:
  conversationLanguage: English
  sourceLanguage: English
  targetLanguage: English
  languagePair: English → English
  readingLevel: Grade 4
  tone: Narrator, engaging tone
  philosophy: Meaning-based
  approach: Meaning-based
  targetCommunity: Young children

🌟🌟🌟🌟🌟🌟🌟🌟🌟🌟🌟🌟🌟🌟🌟🌟🌟🌟🌟🌟🌟🌟🌟🌟🌟🌟🌟🌟🌟🌟


🎭 Workshop Attendee: Jake
📝 Background: Youth pastor modernizing scripture for teens

============================================================

👤 Jake: "What's up! Need help modernizing scripture for high schoolers"

📖 Translation Assistant: "**Great to see your enthusiasm!** Let's refine the translation to better suit high schoolers.

We ca..."
   💡 Suggestions: [Adjust reading level, Change tone, Add cultural references, Start drafting]

👤 Jake: "I think Grade 10 would be appropriate"

📝 Canvas Scribe: "Noted!"

📖 Translation Assistant: "**I see!** Let's set the reading level to **Grade 10** for a more suitable fit.

Now, what **tone** ..."
   💡 Suggestions: [Formal, Conversational, Narrative storytelling, Simple and clear]

👤 Jake: "I think Grade 10 would be appropriate"

📝 Canvas Scribe: "Recorded!"

📖 Translation Assistant: "**Perfect!** All settings complete.

Now that we've set up your translation brief, let's begin **und..."
   💡 Suggestions: [Begin understanding, Review settings, Change a setting]

👤 Jake: "Got it - tough times, family has to relocate. How can I make this relatable for teens?"

📖 Translation Assistant: "**Great insight!** To make Ruth 1:1 relatable for teens, consider focusing on themes like *family su..."
   💡 Suggestions: [Share your ideas, Let's brainstorm together, Look at specific phrases, Next steps for drafting]

👤 Jake: "high school students"

📝 Canvas Scribe: "Recorded!"

📖 Translation Assistant: "**Thanks for clarifying!**

Now that we have a better understanding of the target community, let's d..."
   💡 Suggestions: [Discuss the first phrase, Focus on family themes, Explore the context, Move to the next verse]

👤 Jake: "high school students"

📝 Canvas Scribe: "Recorded!"

✅ Conversation complete!

============================================================
📊 TEST REPORT
============================================================
Persona: Jake
Exchanges: 6
Final Phase: drafting
Style Guide Complete: true
Has Draft: false
Success: ❌

Collected Settings:
  conversationLanguage: English
  sourceLanguage: English
  targetLanguage: English
  languagePair: English → English
  readingLevel: Grade 10
  tone: Narrator, engaging tone
  philosophy: Meaning-based
  approach: Meaning-based
  targetCommunity: High school students

🌟🌟🌟🌟🌟🌟🌟🌟🌟🌟🌟🌟🌟🌟🌟🌟🌟🌟🌟🌟🌟🌟🌟🌟🌟🌟🌟🌟🌟🌟


🎭 Workshop Attendee: Reverend Thomas
📝 Background: Senior ministry leader, wants traditional but clear

============================================================

👤 Reverend Thomas: "Greetings, I minister to seniors and need clear Bible texts"

📚 Resource Librarian: "Here is the text from **Ruth 1:1** in the *Berean Study Bible (BSB)*:

> *In the days when the judge..."

📖 Translation Assistant: "**Thank you for sharing that!** Since you minister to seniors, we might want to adjust the reading l..."
   💡 Suggestions: [Keep Grade 10, Change to Grade 8, Change to Grade 6, Change to Grade 5]

👤 Reverend Thomas: "I think Grade 8 would be appropriate"

📝 Canvas Scribe: "Recorded!"

📖 Translation Assistant: "**Great choice!** Let's ensure the translation is clear for your audience.

Now, what **tone** would..."
   💡 Suggestions: [Formal, Conversational, Narrative storytelling, Simple and clear]

👤 Reverend Thomas: "senior adults"

📝 Canvas Scribe: "Recorded!"

📖 Translation Assistant: "**Thank you for that!** Now that we've set up your translation brief, let's begin understanding the ..."
   💡 Suggestions: [Begin understanding, Review settings, Change a setting]

👤 Reverend Thomas: "I understand - the time of judges, famine in the land, journey to Moab. Let's proceed with clarity."

📝 Canvas Scribe: "Noted!"

📖 Translation Assistant: "**Perfect!** You've grasped the context well.

Let's work through this verse **phrase by phrase**.

..."
   💡 Suggestions: [Tell me a story about this, Brief explanation, Historical context, Multiple choice options]

👤 Reverend Thomas: "Yes, I understand that phrase. Let's continue."

📖 Translation Assistant: "**Good understanding!** 

Next phrase: *'there was a famine in the land'*

**What does this mean to ..."

👤 Reverend Thomas: "Yes, I understand. Let's move on to drafting."

📝 Canvas Scribe: "Ready! Let's begin drafting your translation for Ruth 1:1. If you have any specific preferences or i..."

📖 Translation Assistant: "**Excellent!** 

Now that we've understood all the phrases in Ruth 1:1, let's start drafting your tr..."

👤 Reverend Thomas: "I understand - the time of judges, famine in the land, journey to Moab. Let's proceed with clarity."

📝 Canvas Scribe: "Recording that you understand the time of judges, the famine in the land, and the journey to Moab, a..."

📖 Translation Assistant: "**Great clarity!** Now that we have all the necessary information for your draft, let's create the t..."
   💡 Suggestions: [Start with the time of judges, Mention the famine first, Focus on the journey, Combine elements]

👤 Reverend Thomas: "dignified and clear"

📝 Canvas Scribe: "Noted!"

📖 Translation Assistant: "**Understood!** 

Let's draft a dignified and clear translation for Ruth 1:1.

Here’s a potential st..."

👤 Reverend Thomas: "I understand - the time of judges, famine in the land, journey to Moab. Let's proceed with clarity."

📝 Canvas Scribe: "Noted! I'll include the time of judges, the famine in the land, and the journey to Moab in the trans..."

📖 Translation Assistant: "**Great!** Based on your preferences, here’s a draft for Ruth 1:1:

*In the time when the judges gov..."
   💡 Suggestions: [Revise the draft, Add more details, Start a new draft, Finalize this draft]

👤 Reverend Thomas: "I understand - the time of judges, famine in the land, journey to Moab. Let's proceed with clarity."

📝 Canvas Scribe: "Noted!

Let's ensure clarity in the translation based on your understanding of the time of judges, t..."

📖 Translation Assistant: "**Noted!** Let's ensure clarity in the translation based on your understanding of the time of judges..."
   💡 Suggestions: [Revise the draft, Add more details, Move to the next verse, Start over]

👤 Reverend Thomas: "Yes, I understand. Let's move on to drafting."

📝 Canvas Scribe: "Noted! Let's proceed with refining the translation draft for Ruth 1:1."

📖 Translation Assistant: "**Excellent!** Now that we’re in the drafting phase, let’s refine our translation for clarity and en..."
   💡 Suggestions: [Revise the draft, Add more details, Move to next verse, Share with the community]

👤 Reverend Thomas: "In the time when judges ruled Israel, a famine came upon the land. A man from Bethlehem in Judah took his wife and his two sons and went to live in the country of Moab."

📝 Canvas Scribe: "Noted!"

📖 Translation Assistant: "Thank you for sharing your version! Here’s a refined draft based on your input:

*In the time when j..."
   💡 Suggestions: [Make adjustments, Move to the next verse, Review understanding]

👤 Reverend Thomas: "In the time when judges ruled Israel, a famine came upon the land. A man from Bethlehem in Judah took his wife and his two sons and went to live in the country of Moab."

📝 Canvas Scribe: "Noted!"

📖 Translation Assistant: "Your draft is shaping up nicely! Here’s the current version:

*In the time when judges ruled Israel,..."
   💡 Suggestions: [Revise this draft, Move to the next verse, Add more details, Review understanding]

👤 Reverend Thomas: "In the time when judges ruled Israel, a famine came upon the land. A man from Bethlehem in Judah took his wife and his two sons and went to live in the country of Moab."

📝 Canvas Scribe: "Noted!"

📖 Translation Assistant: "Your draft is clear and engaging! Here it is once more:

*In the time when judges ruled Israel, a fa..."
   💡 Suggestions: [Make adjustments, Move to next verse, Review this draft]

👤 Reverend Thomas: "Yes, I understand. Let's move on to drafting."

📝 Canvas Scribe: "Noted! Transitioning to the drafting phase now. Let's begin working on the translation draft for Rut..."

📖 Translation Assistant: "**Great!** Let's begin drafting your translation.

Here’s the draft for Ruth 1:1:
*In the time when ..."
   💡 Suggestions: [Revise this draft, Add more details, Move to the next verse, Review previous translations]

👤 Reverend Thomas: "I understand - the time of judges, famine in the land, journey to Moab. Let's proceed with clarity."

📝 Canvas Scribe: "Noted! I'll record your understanding of the time of judges, famine in the land, and the journey to ..."

📖 Translation Assistant: "**Excellent!** Let's refine the draft for clarity.

Here’s the revised version: *During the era of t..."
   💡 Suggestions: [Make additional changes, Proceed to the next verse, Review the current draft, Add more details]

👤 Reverend Thomas: "In the time when judges ruled Israel, a famine came upon the land. A man from Bethlehem in Judah took his wife and his two sons and went to live in the country of Moab."

📝 Canvas Scribe: "Noted!"

📖 Translation Assistant: "Your draft remains clear and engaging:

*In the time when judges ruled Israel, a famine came upon th..."
   💡 Suggestions: [Make adjustments, Continue to the next verse, Review the draft again]

👤 Reverend Thomas: "Yes, I understand. Let's move on to drafting."

📝 Canvas Scribe: "Noted! Let's proceed with drafting your translation for Ruth 1:1.

Here’s the draft:
*In the time wh..."

📖 Translation Assistant: "**Great!** Let's proceed with drafting your translation for Ruth 1:1.

Here’s the draft:
*In the tim..."
   💡 Suggestions: [Make adjustments, Add details, Continue to next verse, Review understanding]

👤 Reverend Thomas: "I understand - the time of judges, famine in the land, journey to Moab. Let's proceed with clarity."

📝 Canvas Scribe: "Noted! I'll track that as we proceed with clarity."

📖 Translation Assistant: "**Excellent understanding!** Let's move forward with drafting.

Here’s the refined draft for Ruth 1:..."
   💡 Suggestions: [Make adjustments, Add details, Continue to next verse, Review understanding]

👤 Reverend Thomas: "I understand - the time of judges, famine in the land, journey to Moab. Let's proceed with clarity."

📝 Canvas Scribe: "Recording the user's understanding of the context:

- Time of judges
- Famine in the land
- Journey ..."

📖 Translation Assistant: "**Great!** Now that we have your draft clear, let's focus on refining it further.

Here's the curren..."
   💡 Suggestions: [Add more context, Simplify language, Focus on emotional tone, Move to next verse]

👤 Reverend Thomas: "I understand - the time of judges, famine in the land, journey to Moab. Let's proceed with clarity."

📝 Canvas Scribe: "Recording that you understand the context of the time of judges, the famine in the land, and the jou..."

📖 Translation Assistant: "Let's move forward with drafting your translation for Ruth 1:1.

Here's the draft:
*In the time when..."
   💡 Suggestions: [Refine the wording, Add more context, Move to the next verse, Review understanding]

============================================================
📊 TEST REPORT
============================================================
Persona: Reverend Thomas
Exchanges: 21
Final Phase: drafting
Style Guide Complete: true
Has Draft: false
Success: ✅

Collected Settings:
  conversationLanguage: English
  sourceLanguage: English
  targetLanguage: English
  languagePair: English → English
  readingLevel: Grade 8
  tone: Narrator, engaging tone
  philosophy: Meaning-based
  approach: Meaning-based
  targetCommunity: Senior adults

🌟🌟🌟🌟🌟🌟🌟🌟🌟🌟🌟🌟🌟🌟🌟🌟🌟🌟🌟🌟🌟🌟🌟🌟🌟🌟🌟🌟🌟🌟


🎭 Workshop Attendee: Chaplain Mike
📝 Background: Prison chaplain needing accessible version

============================================================

👤 Chaplain Mike: "Hi, I work in corrections and need plain language Bible texts"

📝 Canvas Scribe: "Noted!"

📖 Translation Assistant: "**Great!** We're in the drafting phase now.

Let's start creating your translation using a meaning-b..."
   💡 Suggestions: [Ruth 1:1, John 3:16, Psalm 23, Other specific verse]

👤 Chaplain Mike: "I think Grade 6 would be appropriate"

📝 Canvas Scribe: "Noted!"

📖 Translation Assistant: "**Understood!** Let's adjust the reading level to **Grade 6**.

What specific verse or passage would..."
   💡 Suggestions: [Ruth 1:1, Another verse, Review previous settings, Start over]

👤 Chaplain Mike: "I think Grade 6 would be appropriate"

📝 Canvas Scribe: "Noted!"

📖 Translation Assistant: "**Perfect!** We have all your settings ready:

- **Reading Level:** Grade 6
- **Tone:** Engaging nar..."
   💡 Suggestions: [Choose a specific verse, Discuss a theme, Move to another passage, Review settings]

👤 Chaplain Mike: "I think Grade 6 would be appropriate"

📝 Canvas Scribe: "Noted!"

📖 Translation Assistant: "It seems we've already noted your preference for **Grade 6**.

Would you like to proceed with drafti..."
   💡 Suggestions: [Provide a specific verse, Change reading level, Review settings, Start with a new passage]

👤 Chaplain Mike: "I think Grade 6 would be appropriate"

📝 Canvas Scribe: "Noted!"

📖 Translation Assistant: "I see you're emphasizing **Grade 6** for the reading level.

Since we've gathered all your settings,..."
   💡 Suggestions: [Pick a specific verse, Discuss another passage, Review settings, Start over]

👤 Chaplain Mike: "I think Grade 6 would be appropriate"

📝 Canvas Scribe: "Noted!"

📖 Translation Assistant: "It looks like we've established your settings for grade 6 reading level and other preferences.

Now,..."
   💡 Suggestions: [Select a verse, Provide a passage, Ask for guidance, Start over]

👤 Chaplain Mike: "I think Grade 6 would be appropriate"

📝 Canvas Scribe: "Noted!"

📖 Translation Assistant: "It seems we've established that Grade 6 is the appropriate reading level.

Now, let's focus on draft..."
   💡 Suggestions: [Choose a verse, Discuss another passage, Review previous settings, Start from the beginning]

👤 Chaplain Mike: "I think Grade 6 would be appropriate"

📝 Canvas Scribe: "Noted!"

📖 Translation Assistant: "Great! We've confirmed your settings.

Now, what specific verse or passage would you like to draft y..."
   💡 Suggestions: [Ruth 1:1, John 3:16, Psalm 23, Other specific verse]

👤 Chaplain Mike: "When judges led Israel, food ran out in the land. A man from Bethlehem had to leave with his wife and two sons. They went to Moab to find food and survive."

📝 Canvas Scribe: "Noted!"

📖 Translation Assistant: "Thanks for your draft! It's a solid start.

Let's refine this together. Would you like to:
• Focus o..."
   💡 Suggestions: [Focus on wording, Change parts, Add details, Move to next verse]

👤 Chaplain Mike: "When judges led Israel, food ran out in the land. A man from Bethlehem had to leave with his wife and two sons. They went to Moab to find food and survive."

📝 Canvas Scribe: "Noted!"

📖 Translation Assistant: "Your draft is shaping up well! Let's refine it a bit more for clarity and engagement:

*When judges ..."
   💡 Suggestions: [Make more adjustments, Add more details, Move to the next verse, Review current draft]

👤 Chaplain Mike: "When judges led Israel, food ran out in the land. A man from Bethlehem had to leave with his wife and two sons. They went to Moab to find food and survive."

📝 Canvas Scribe: "Noted!"

📖 Translation Assistant: "Your draft is clear and maintains a good narrative tone. 

Here’s a slight revision for flow:

*When..."

👤 Chaplain Mike: "straightforward and hopeful"

📝 Canvas Scribe: "Noted!"

📖 Translation Assistant: "Great! Your tone of "straightforward and hopeful" aligns well with the narrative. 

Let’s refine you..."

👤 Chaplain Mike: "straightforward and hopeful"

📝 Canvas Scribe: "Noted!"

📖 Translation Assistant: "Your tone of 'straightforward and hopeful' is clear! Let's draft this in an engaging manner.

*Durin..."
   💡 Suggestions: [Add more details, Simplify the language, Focus on character emotions, Move to the next verse]

👤 Chaplain Mike: "straightforward and hopeful"

📝 Canvas Scribe: "Noted!"

📖 Translation Assistant: "Understood! Let's keep it straightforward and hopeful. Here’s a draft reflecting that tone:

*When j..."
   💡 Suggestions: [Make it more concise, Add more details, Change the focus, Continue drafting]

👤 Chaplain Mike: "straightforward and hopeful"

📝 Canvas Scribe: "Recording that the user prefers a straightforward and hopeful tone for the translation draft."

📖 Translation Assistant: "Thanks for your patience! Let's maintain that straightforward and hopeful tone in your draft.

*Duri..."
   💡 Suggestions: [Make it more concise, Add more hope, Focus on the journey, Revise further]

👤 Chaplain Mike: "straightforward and hopeful"

📝 Canvas Scribe: "Noted!"

📖 Translation Assistant: "Got it! Let's focus on that straightforward and hopeful tone as we draft.

Here’s a revised version:..."
   💡 Suggestions: [Make it more hopeful, Simplify the language, Add more context, Keep it as is]

👤 Chaplain Mike: "straightforward and hopeful"

📝 Canvas Scribe: "Recording that the draft maintains a **straightforward and hopeful** tone."

📖 Translation Assistant: "Let’s keep that straightforward and hopeful tone in mind. Here’s another draft:

*In a time when jud..."
   💡 Suggestions: [Make it more concise, Add more detail, Change a phrase, Keep it as is]

👤 Chaplain Mike: "straightforward and hopeful"

📝 Canvas Scribe: "Noted!"

📖 Translation Assistant: "Thanks for the clarity! Here's a draft that reflects a **straightforward and hopeful** tone:

*Durin..."
   💡 Suggestions: [Make it more hopeful, Add more detail, Simplify further, Move to next verse]

👤 Chaplain Mike: "straightforward and hopeful"

📝 Canvas Scribe: "Noted!"

📖 Translation Assistant: "Thank you for your patience! Let's ensure the draft captures a **straightforward and hopeful** tone:..."
   💡 Suggestions: [Make it even more hopeful, Simplify the language, Add more detail, Continue refining]

👤 Chaplain Mike: "straightforward and hopeful"

📝 Canvas Scribe: "Got it!"

📖 Translation Assistant: "Got it! Let's refine the draft to ensure it remains **straightforward and hopeful**.

Here’s an upda..."
   💡 Suggestions: [Make it more concise, Add more detail, Change the tone slightly, Ready to finalize]

👤 Chaplain Mike: "When judges led Israel, food ran out in the land. A man from Bethlehem had to leave with his wife and two sons. They went to Moab to find food and survive."

📝 Canvas Scribe: "Noted!"

📖 Translation Assistant: "This draft captures a **straightforward and hopeful** tone:

*When judges led Israel, food ran out i..."
   💡 Suggestions: [Make adjustments, Proceed with this draft, Start a new draft, Review previous drafts]

============================================================
📊 TEST REPORT
============================================================
Persona: Chaplain Mike
Exchanges: 21
Final Phase: drafting
Style Guide Complete: true
Has Draft: false
Success: ✅

Collected Settings:
  conversationLanguage: English
  sourceLanguage: English
  targetLanguage: English
  languagePair: English → English
  readingLevel: Grade 6
  tone: Straightforward and hopeful
  philosophy: Meaning-based
  approach: Meaning-based
  targetCommunity: Senior adults

============================================================
🏁 WORKSHOP SIMULATION COMPLETE
============================================================

Success Rate: 6/8

Maria: ✅ Success

John: ❌ Failed

Sarah: ✅ Success

Pastor Amy: ✅ Success

Ms. Chen: ✅ Success

Jake: ❌ Failed

Reverend Thomas: ✅ Success

Chaplain Mike: ✅ Success
